fromList [ ("@FT_Stream_Open", fromList ["%filepathname"]) ]
