fromList [ ("@neitherNullable", fromList ["%a", "%b"])
         ]
