fromList [ ("@pcre_find_bracket", fromList ["%code"]) ]
