fromList [ (("f", "s"), fromList [ ("%struct.S*", [AccessDeref,AccessField 0])
                                 , ("%struct.S*", [AccessDeref,AccessField 2])
                                 ])
         ]
