fromList [(("f", "s"), fromList [("%struct.S*", [AccessDeref,AccessField 1])])]