fromList [ (("@g", "%arr"), 1)
         , (("@f", "%arr"), 1)
         ]
