fromList [ (("@f", "%arr"), 1)
         , (("@f", "%arr2"), 1)
         ]
