fromList [ ("@f", fromList [(ArgumentEscape 0, "%s"), (ArgumentEscape 0, "%s.<2>")]) ]
