fromList [ ("@f", fromList [(ArgumentEscape 1, "%p")]) ]
