fromList [ ("@g", fromList [ (DirectEscape, "%p"), (IndirectEscape, "%q") ] )
         , ("@f", fromList [ (DirectEscape, "%i1"), (IndirectEscape, "%i2") ] )
         ]