fromList [ ("@g", fromList [(DirectEscape, "%p")] )
         , ("@f", fromList [(DirectEscape, "%q")] )
         ]
