fromList [ ("@fldEsc", fromList [(DirectEscape, "%s.<0>")])
         , ("@f", fromList [(DirectEscape, "%p")])
         ]
