fromList [ ("@f", fromList [(IndirectEscape, "%p")]) ]
