fromList [ ("@f", fromList [(ArgumentEscape 0, "%i")]) ]
