fromList [ ("@addrOfEscape2", fromList [(DirectEscape, "%i1"), (DirectEscape, "%i2")]) ]
