fromList [ ("@testF", fromList [(BrokenContractEscape, "%p")]) ]
