fromList [ ("@f", fromList [(DirectEscape, "%s.<0>")]) ]
