fromList [ ("@userFinish", fromList ["%foo"])
         , ("@realFinish", fromList ["%foo"])
         ]
