fromList [ ("f", fromList [(0, "%struct.S*",[AccessDeref,AccessField 1])])
         ]
