(fromList [], fromList [ ("outAlloc", fromList [("arr", PAOutAlloc "free")]) ])
