(fromList [ ("@g_malloc", Nothing) ], fromList [])

