(fromList [ ("@glp_malloc", Nothing) ], fromList [])
