fromList [ ("@f", fromList [("%out", PAOut)])
         , ("@g", fromList [("%out", PAInOut)])
         ]
