fromList [ ("@outAlloc", fromList [("%arr", PAOut)]) ]
