fromList [ ("@add_component", fromList [ "%comp" ])
         ]
