fromList [ ("target", (fromList [], ReturnConstantInt (fromList [-30]))) ]
