fromList [ ("target", (fromList [ "reportError" ], ReturnConstantInt (fromList [-30])))
         ]