fromList [ ("target", (fromList [ "reportError", "clean" ], ReturnConstantInt (fromList [-30])))
         ]