fromList [ ("target", (fromList [], ReturnConstantInt (fromList [-1])))
         , ("errGen", (fromList [], ReturnConstantInt (fromList [-1,1])))
         ]