fromList [ ("learnFrom", (fromList [ "reportError" ], ReturnConstantInt (fromList [-22])))
         , ("target", (fromList [ "reportError" ], ReturnConstantInt (fromList [-50])))
         ]