fromList [ ("ioctlWrapper", (fromList [ ], ReturnConstantInt (fromList [-5, -20, -99, -100])))
         , ("errorCodeGen",(fromList ["reportError"],ReturnConstantInt (fromList [-100])))
         ]
