fromList [ ("cairo_surface_destroy", "cairo_surface_reference") ]
